KKG 2015 Figs 7.4/7.5 — P_I^(2) tritronquée V₀(x,0) surface
  triple-method majority-vote sector + path-network wedge (ADR-0024)
  grid: 401×401 over [-20,20]²
  kernel: starting kkg_pi2_surface (order=48, expect tens of minutes at order 48)...
  [kernel   0.0s] Region 1.1 — surf_ray_fan...
  [kernel  12.5s] Region 1.2 — surf_laplace_voters (2D Cheb + Gridap FEM)...
  [kernel  74.6s] Region 2.1 — surf_anchor_bvp...
  [kernel  74.6s] Region 2.2 — surf_wedge_fill (24440 wedge grid points, order=48, the big one)...
  [kernel 12303.4s] surf_wedge_fill done — 117213 nodes, 3528 poles
  [kernel 12303.6s] Region 1.3 — per-cell sector voting loop (401×401 grid)...
  kernel: 12354.3 s — wedge: 117213 visited nodes, 3755 dense targets (10 skipped), 96251 candidate poles → 3528 VC-4-validated (92723 pruned), |x|-frontier 20.0, 5344/24440 grid points B1-certified (21.9%) — full opacity; FW-style overlay 24440/24440 filled (100.0%) — reduced alpha; VC-5 conjugate-pair residual median 0.3941
  ridge check: Re V₀(-15, 0) = +4.4816  (KKG (6·15)^(1/3) = +4.4814)
  certified filled grid cells: 104157 / 160801 (64.8%)
  FW-style filled grid cells:  123253 / 160801 (76.6%)
  wedge poles: 3528
ERROR: LoadError: ArgumentError: First argument to `@sprintf` must be a format string.
Stacktrace:
 [1] var"@sprintf"(__source__::LineNumberNode, __module__::Module, fmt::Any, args::Vararg{Any})
   @ Printf ~/.julia/juliaup/julia-1.12.5+0.x64.linux.gnu/share/julia/stdlib/v1.12/Printf/src/Printf.jl:1035
 [2] include(mod::Module, _path::String)
   @ Base ./Base.jl:306
 [3] exec_options(opts::Base.JLOptions)
   @ Base ./client.jl:317
 [4] _start()
   @ Base ./client.jl:550
in expression starting at /home/tobias/Projects/PadeTaylor.jl/figures/kkg_pi2_tritronquee_surface.jl:430
in expression starting at /home/tobias/Projects/PadeTaylor.jl/figures/kkg_pi2_tritronquee_surface.jl:426
